###############################################################################
#
# IAR ELF Linker V3.11.1.207 for STM8                     25/Jul/2023  13:49:54
# Copyright 2010-2019 IAR Systems AB.
#
#    Output file  =  
#        E:\IAR_PROJECT\Bootloader_stm8l151\Debug\Exe\Bootloader_stm8l151.out
#    Map file     =  
#        E:\IAR_PROJECT\Bootloader_stm8l151\Debug\List\Bootloader_stm8l151.map
#    Command line =  
#        -f C:\Users\engl5\AppData\Local\Temp\EW63CB.tmp
#        (E:\IAR_PROJECT\Bootloader_stm8l151\Debug\Obj\main.o
#        E:\IAR_PROJECT\Bootloader_stm8l151\Debug\Obj\stm8l15x_flash.o
#        --redirect _Printf=_PrintfFullNoMb --redirect _Scanf=_ScanfFullNoMb
#        --no_out_extension -o
#        E:\IAR_PROJECT\Bootloader_stm8l151\Debug\Exe\Bootloader_stm8l151.out
#        --map
#        E:\IAR_PROJECT\Bootloader_stm8l151\Debug\List\Bootloader_stm8l151.map
#        --config
#        E:\IAR_PROJECT\Bootloader_stm8l151\lnkstm8l151k6_BL_15092021.icf
#        --config_def _CSTACK_SIZE=0x100 --config_def _HEAP_SIZE=0x100 --entry
#        __iar_program_start --debug_lib)
#
###############################################################################

*******************************************************************************
*** RUNTIME MODEL ATTRIBUTES
***

__SystemLibrary            = DLib
__code_model               = small
__core                     = stm8
__data_model               = medium
__dlib_file_descriptor     = 0
__dlib_full_locale_support = 0
__rt_version               = 4


*******************************************************************************
*** PLACEMENT SUMMARY
***

"A0":  place at start of [0x000000-0x0000ff] { rw section .vregs };
"A1":  place at end of [0x000000-0x0007ff] { block CSTACK };
"P2":  place in [from 0x000000 to 0x0007ff] {
          block HEAP, rw section __DLIB_PERTHREAD, rw section .far.bss,
          rw section .far.data, rw section .far.noinit,
          rw section .far_func.textrw, rw section .huge.bss,
          rw section .huge.data, rw section .huge.noinit,
          rw section .huge_func.textrw, rw section .iar.dynexit,
          rw section .near.bss, rw section .near.data, rw section .near.noinit,
          rw section .near_func.textrw };
"A2":  place at start of [0x008000-0x0080ff] { block INTVEC };
"P3":  place in [from 0x00f000 to 0x00ffff] {
          ro section __DLIB_PERTHREAD_init, ro section .far.data_init,
          ro section .far_func.textrw_init, ro section .huge.data_init,
          ro section .huge_func.textrw_init, ro section .iar.init_table,
          ro section .init_array, ro section .near.data_init,
          ro section .near.rodata, ro section .near_func.text,
          ro section .near_func.textrw_init, ro section .tiny.data_init,
          ro section .tiny.rodata_init };
"P4":  place in [from 0x00f000 to 0x00ffff] {
          ro section .far.rodata, ro section .far_func.text };
"P5":  place in [from 0x00f000 to 0x00ffff] {
          ro section .huge.rodata, ro section .huge_func.text };
do not initialize {
   rw section .eeprom.noinit, rw section .far.noinit, rw section .huge.noinit,
   rw section .near.noinit, rw section .tiny.noinit, rw section .vregs };
initialize by copy {
   rw section .far.bss, rw section .far.data, rw section .far_func.textrw,
   rw section .huge.bss, rw section .huge.data, rw section .huge_func.textrw,
   rw section .iar.dynexit, rw section .near.bss, rw section .near.data,
   rw section .near_func.textrw, rw section .tiny.bss, rw section .tiny.data,
   ro section .tiny.rodata };

No sections matched the following patterns:

  ro section .far.data_init          in "P3-P5"
  ro section .far.rodata             in "P3-P5"
  ro section .far_func.text          in "P3-P5"
  ro section .far_func.textrw_init   in "P3-P5"
  ro section .huge.data_init         in "P3-P5"
  ro section .huge.rodata            in "P3-P5"
  ro section .huge_func.text         in "P3-P5"
  ro section .huge_func.textrw_init  in "P3-P5"
  ro section .iar.init_table         in "P3-P5"
  ro section .init_array             in "P3-P5"
  ro section .near.data_init         in "P3-P5"
  ro section .tiny.data_init         in "P3-P5"
  ro section .tiny.rodata_init       in "P3-P5"
  ro section __DLIB_PERTHREAD_init   in "P3-P5"
  rw section .far.bss                in "P2"
  rw section .far.data               in "P2"
  rw section .far.noinit             in "P2"
  rw section .far_func.textrw        in "P2"
  rw section .huge.bss               in "P2"
  rw section .huge.data              in "P2"
  rw section .huge.noinit            in "P2"
  rw section .huge_func.textrw       in "P2"
  rw section .iar.dynexit            in "P2"
  rw section .near.data              in "P2"
  rw section .near.noinit            in "P2"
  rw section .tiny.bss               in "P1"
  rw section .tiny.data              in "P1"
  rw section .tiny.noinit            in "P1"
  rw section .tiny.rodata            in "P1"
  rw section __DLIB_PERTHREAD        in "P2"
  section .eeprom.data               in "P6-P8"
  section .eeprom.noinit             in "P6-P8"
  section .eeprom.rodata             in "P6-P8"


  Section              Kind      Address   Size  Object
  -------              ----      -------   ----  ------
"A0":                                      0x10
  .vregs               uninit   0x000000   0x10  vregs.o [4]
                              - 0x000010   0x10

"P2", part 1 of 2:                         0x7e
  P2-1                          0x000010   0x7e  <Init block>
    .near_func.textrw  inited   0x000010   0x7e  stm8l15x_flash.o [1]
                              - 0x00008e   0x7e

"P2", part 2 of 2:                         0x93
  .near.bss            zero     0x00008e   0x8c  main.o [1]
  .near.bss            zero     0x00011a    0x2  main.o [1]
  .near.bss            zero     0x00011c    0x2  main.o [1]
  .near.bss            zero     0x00011e    0x1  main.o [1]
  .near.bss            zero     0x00011f    0x1  main.o [1]
  .near.bss            zero     0x000120    0x1  main.o [1]
                              - 0x000121   0x93

"A1":                                     0x100
  CSTACK                        0x000700  0x100  <Block>
    CSTACK             uninit   0x000700  0x100  <Block tail>
                              - 0x000800  0x100

"A2":                                      0x80
  INTVEC                        0x008000   0x80  <Block>
    .intvec            const    0x008000   0x80  interrupt.o [4]
                              - 0x008080   0x80

"P3-P5":                                  0x89a
  .near_func.text      ro code  0x00f000   0xea  main.o [1]
  .near_func.text      ro code  0x00f0ea   0xcc  vreg_util.o [4]
  .near_func.text      ro code  0x00f1b6   0xbe  main.o [1]
  .near_func.text      ro code  0x00f274   0x86  main.o [1]
  .near_func.text      ro code  0x00f2fa   0x7e  main.o [1]
  Initializer bytes    const    0x00f378   0x7e  <for P2-1>
  .near_func.text      ro code  0x00f3f6   0x73  main.o [1]
  .near_func.text      ro code  0x00f469   0x70  main.o [1]
  .near_func.text      ro code  0x00f4d9   0x69  main.o [1]
  .near_func.text      ro code  0x00f542   0x69  main.o [1]
  .near_func.text      ro code  0x00f5ab   0x49  main.o [1]
  .near_func.text      ro code  0x00f5f4   0x44  main.o [1]
  .near_func.text      ro code  0x00f638   0x3a  main.o [1]
  .near_func.text      ro code  0x00f672   0x38  main.o [1]
  .near_func.text      ro code  0x00f6aa   0x2f  main.o [1]
  .near_func.text      ro code  0x00f6d9   0x2c  long.o [4]
  .near_func.text      ro code  0x00f705   0x28  init_small.o [4]
  .near_func.text      ro code  0x00f72d   0x27  stm8l15x_flash.o [1]
  .iar.init_table      const    0x00f754   0x12  - Linker created -
  .near_func.text      ro code  0x00f766   0x1e  main.o [1]
  .near_func.text      ro code  0x00f784   0x1e  short.o [4]
  .near_func.text      ro code  0x00f7a2   0x1e  init_small.o [4]
  .near_func.text      ro code  0x00f7c0   0x1b  main.o [1]
  .near_func.text      ro code  0x00f7db   0x19  main.o [1]
  .near_func.text      ro code  0x00f7f4   0x19  stm8l15x_flash.o [1]
  .near_func.text      ro code  0x00f80d   0x14  init.o [4]
  .near_func.text      ro code  0x00f821   0x14  __dbg_xxexit.o [3]
  .near_func.text      ro code  0x00f835   0x13  cstartup.o [4]
  .near_func.text      ro code  0x00f848    0xd  move.o [4]
  .near_func.text      ro code  0x00f855    0xc  long_util.o [4]
  .near.rodata         const    0x00f861    0xb  main.o [1]
  .near_func.text      ro code  0x00f86c    0xb  stm8l15x_flash.o [1]
  .near_func.text      ro code  0x00f877    0x7  main.o [1]
  .near.rodata         const    0x00f87e    0x6  main.o [1]
  .near_func.text      ro code  0x00f884    0x5  cexit.o [4]
  .near_func.text      ro code  0x00f889    0x4  stm8l15x_flash.o [1]
  .near_func.text      ro code  0x00f88d    0x3  interrupt.o [4]
  .near_func.text      ro code  0x00f890    0x3  low_level_init.o [4]
  .near_func.text      ro code  0x00f893    0x3  exit.o [4]
  .near_func.text      ro code  0x00f896    0x3  unhandled_exception.o [4]
  .near_func.text      ro code  0x00f899    0x1  __dbg_break.o [3]
                              - 0x00f89a  0x89a


*******************************************************************************
*** INIT TABLE
***

          Address   Size
          -------   ----
Zero (__iar_zero_init2)
    1 destination range, total size 0x93:
          0x00008e  0x93

Copy (__iar_copy_init2)
    1 source range, total size 0x7e:
          0x00f378  0x7e
    1 destination range, total size 0x7e:
          0x000010  0x7e



*******************************************************************************
*** MODULE SUMMARY
***

    Module                 ro code  rw code  ro data  rw data
    ------                 -------  -------  -------  -------
E:\IAR_PROJECT\Bootloader_stm8l151\Debug\Obj: [1]
    main.o                   1 512                17      147
    stm8l15x_flash.o            79      126      126
    ---------------------------------------------------------
    Total:                   1 591      126      143      147

command line: [2]
    ---------------------------------------------------------
    Total:

dbgstm8smd.a: [3]
    __dbg_break.o                1
    __dbg_xxexit.o              20
    ---------------------------------------------------------
    Total:                      21

dlstm8smn.a: [4]
    cexit.o                      5
    cstartup.o                  19
    exit.o                       3
    init.o                      20
    init_small.o                70
    interrupt.o                  3               128
    long.o                      44
    long_util.o                 12
    low_level_init.o             3
    move.o                      13
    short.o                     30
    unhandled_exception.o        3
    vreg_util.o                204
    vregs.o                                                16
    ---------------------------------------------------------
    Total:                     429               128       16

    Linker created                                18      256
-------------------------------------------------------------
    Grand Total:             2 041      126      289      419


*******************************************************************************
*** ENTRY LIST
***

Entry                    Address  Size  Type      Object
-----                    -------  ----  ----      ------
.iar.init_table$$Base   0x00f754         --   Gb  - Linker created -
.iar.init_table$$Limit  0x00f766         --   Gb  - Linker created -
?add32_l0_l0_0x         0x00f6dc        Code  Gb  long.o [4]
?add32_l0_l0_l1         0x00f6d9        Code  Gb  long.o [4]
?b0                     0x000000        Data  Gb  vregs.o [4]
?b1                     0x000001        Data  Gb  vregs.o [4]
?b10                    0x00000a        Data  Gb  vregs.o [4]
?b11                    0x00000b        Data  Gb  vregs.o [4]
?b12                    0x00000c        Data  Gb  vregs.o [4]
?b13                    0x00000d        Data  Gb  vregs.o [4]
?b14                    0x00000e        Data  Gb  vregs.o [4]
?b15                    0x00000f        Data  Gb  vregs.o [4]
?b2                     0x000002        Data  Gb  vregs.o [4]
?b3                     0x000003        Data  Gb  vregs.o [4]
?b4                     0x000004        Data  Gb  vregs.o [4]
?b5                     0x000005        Data  Gb  vregs.o [4]
?b6                     0x000006        Data  Gb  vregs.o [4]
?b7                     0x000007        Data  Gb  vregs.o [4]
?b8                     0x000008        Data  Gb  vregs.o [4]
?b9                     0x000009        Data  Gb  vregs.o [4]
?e0                     0x000001        Data  Gb  vregs.o [4]
?e1                     0x000005        Data  Gb  vregs.o [4]
?e2                     0x000009        Data  Gb  vregs.o [4]
?e3                     0x00000d        Data  Gb  vregs.o [4]
?epilogue_l2_w6         0x00f167        Code  Gb  vreg_util.o [4]
?l0                     0x000000        Data  Gb  vregs.o [4]
?l1                     0x000004        Data  Gb  vregs.o [4]
?l2                     0x000008        Data  Gb  vregs.o [4]
?l3                     0x00000c        Data  Gb  vregs.o [4]
?load32_l0_0x           0x00f855        Code  Gb  long_util.o [4]
?mov_e0_e1              0x00f178        Code  Gb  vreg_util.o [4]
?mov_e0_e2              0x00f185        Code  Gb  vreg_util.o [4]
?mov_e1_e0              0x00f192        Code  Gb  vreg_util.o [4]
?mov_e1_e3              0x00f19f        Code  Gb  vreg_util.o [4]
?mov_e2_e0              0x00f1ac        Code  Gb  vreg_util.o [4]
?mov_l0_l1              0x00f175        Code  Gb  vreg_util.o [4]
?mov_l0_l2              0x00f182        Code  Gb  vreg_util.o [4]
?mov_l1_l0              0x00f18f        Code  Gb  vreg_util.o [4]
?mov_l1_l3              0x00f19c        Code  Gb  vreg_util.o [4]
?mov_l2_l0              0x00f1a9        Code  Gb  vreg_util.o [4]
?mov_w1_w3              0x00f17b        Code  Gb  vreg_util.o [4]
?mov_w1_w4              0x00f16e        Code  Gb  vreg_util.o [4]
?mov_w1_w5              0x00f188        Code  Gb  vreg_util.o [4]
?mov_w3_w1              0x00f195        Code  Gb  vreg_util.o [4]
?mov_w3_w7              0x00f1a2        Code  Gb  vreg_util.o [4]
?mov_w5_w1              0x00f1af        Code  Gb  vreg_util.o [4]
?move1616_v_x_y_a       0x00f848        Code  Gb  move.o [4]
?mul16_x_x_w0           0x00f784        Code  Gb  short.o [4]
?pop_l2                 0x00f149        Code  Gb  vreg_util.o [4]
?pop_l3                 0x00f154        Code  Gb  vreg_util.o [4]
?pop_w4                 0x00f107        Code  Gb  vreg_util.o [4]
?pop_w6                 0x00f10e        Code  Gb  vreg_util.o [4]
?push_l1                0x00f11d        Code  Gb  vreg_util.o [4]
?push_l2                0x00f122        Code  Gb  vreg_util.o [4]
?push_l3                0x00f127        Code  Gb  vreg_util.o [4]
?push_w4                0x00f0ea        Code  Gb  vreg_util.o [4]
?push_w6                0x00f0ef        Code  Gb  vreg_util.o [4]
?sll32_0x_0x_a          0x00f6f7        Code  Gb  long.o [4]
?sll32_l0_l0_a          0x00f6f4        Code  Gb  long.o [4]
?w0                     0x000000        Data  Gb  vregs.o [4]
?w1                     0x000002        Data  Gb  vregs.o [4]
?w2                     0x000004        Data  Gb  vregs.o [4]
?w3                     0x000006        Data  Gb  vregs.o [4]
?w4                     0x000008        Data  Gb  vregs.o [4]
?w5                     0x00000a        Data  Gb  vregs.o [4]
?w6                     0x00000c        Data  Gb  vregs.o [4]
?w7                     0x00000e        Data  Gb  vregs.o [4]
CSTACK$$Base            0x000700         --   Gb  - Linker created -
CSTACK$$Limit           0x000800         --   Gb  - Linker created -
DataBuffer              0x00008e  0x8c  Data  Gb  main.o [1]
FLASH_EraseBlock        0x000010  0x7e  Code  Gb  stm8l15x_flash.o [1]
FLASH_Lock              0x00f86c   0xb  Code  Gb  stm8l15x_flash.o [1]
FLASH_ProgramByte       0x00f889   0x4  Code  Gb  stm8l15x_flash.o [1]
FLASH_ProgramWord       0x00f72d  0x27  Code  Gb  stm8l15x_flash.o [1]
FLASH_Unlock            0x00f7f4  0x19  Code  Gb  stm8l15x_flash.o [1]
INTVEC$$Base            0x008000         --   Gb  - Linker created -
INTVEC$$Limit           0x008080         --   Gb  - Linker created -
READ_CPU_command_handle
                        0x00f2fa  0x7e  Code  Gb  main.o [1]
RESET_KEY_command_handle
                        0x00f542  0x69  Code  Gb  main.o [1]
RESET_command_handle    0x00f3f6  0x73  Code  Gb  main.o [1]
ReadKey                 0x00f877   0x7  Code  Gb  main.o [1]
Received_count          0x00011e   0x1  Data  Gb  main.o [1]
Recieve_message_withou_while
                        0x00f469  0x70  Code  Gb  main.o [1]
Recieve_message_withou_while::rcnt
                        0x000120   0x1  Data  Lc  main.o [1]
Region$$Table$$Base     0x00f754         --   Gb  - Linker created -
Region$$Table$$Limit    0x00f766         --   Gb  - Linker created -
ResetKey                0x00f7c0  0x1b  Code  Gb  main.o [1]
SET_KEY_command_handle  0x00f4d9  0x69  Code  Gb  main.o [1]
SetKey                  0x00f766  0x1e  Code  Gb  main.o [1]
TIM2_DEINIT             0x00f5ab  0x49  Code  Gb  main.o [1]
TIM2_INIT               0x00f7db  0x19  Code  Gb  main.o [1]
UART_DEINIT             0x00f5f4  0x44  Code  Gb  main.o [1]
UART_INIT               0x00f638  0x3a  Code  Gb  main.o [1]
UART_Receive            0x00f6aa  0x2f  Code  Gb  main.o [1]
UART_Transmit           0x00f672  0x38  Code  Gb  main.o [1]
WM_command_handle       0x00f274  0x86  Code  Gb  main.o [1]
Write_page              0x00f1b6  0xbe  Code  Gb  main.o [1]
__DebugBreak            0x00f899   0x1  Code  Gb  __dbg_break.o [3]
__exit                  0x00f821  0x14  Code  Gb  __dbg_xxexit.o [3]
__iar_copy_init2        0x00f705        Code  Gb  init_small.o [4]
__iar_data_init2        0x00f80d  0x14  Code  Gb  init.o [4]
__iar_program_start     0x00f835        Code  Gb  cstartup.o [4]
__iar_unhandled_exception
                        0x00f896        Code  Gb  unhandled_exception.o [4]
__iar_zero_init2        0x00f7a2        Code  Gb  init_small.o [4]
__intvec                0x008000        Data  Gb  interrupt.o [4]
__low_level_init        0x00f890   0x3  Code  Gb  low_level_init.o [4]
_exit                   0x00f884        Code  Gb  cexit.o [4]
crc_culc                0x00011c   0x2  Data  Gb  main.o [1]
crc_recieve             0x00011a   0x2  Data  Gb  main.o [1]
exit                    0x00f893   0x3  Code  Gb  exit.o [4]
main                    0x00f000  0xea  Code  Gb  main.o [1]
tmp2                    0x00011f   0x1  Data  Gb  main.o [1]


[1] = E:\IAR_PROJECT\Bootloader_stm8l151\Debug\Obj
[2] = command line
[3] = dbgstm8smd.a
[4] = dlstm8smn.a

  2 041 bytes of readonly  code memory
    126 bytes of readwrite code memory
    289 bytes of readonly  data memory
    419 bytes of readwrite data memory

Errors: none
Warnings: none
